Available Android targets:==============] 100% Fetch remote repository...
----------
id: 1 or "android-21"
     Name: Android API 21
     Type: Platform
     API level: 21
     Revision: 2
